[abhesrivas.github.io/index.html]
[backblue.gif]
[fade.gif]
[index.html]
[stackpath.bootstrapcdn.com/bootstrap/4.4.1/css/bootstrap.min.css]
[cdnjs.cloudflare.com/ajax/libs/mdbootstrap/4.17.0/css/mdb.min.css]
[cdnjs.cloudflare.com/ajax/libs/font-awesome/5.13.0/css/all.min.css]
[cdnjs.cloudflare.com/ajax/libs/academicons/1.8.6/css/academicons.min.css]
[abhesrivas.github.io/assets/img/favicon.ico]
[abhesrivas.github.io/assets/css/main.css]
[github.githubassets.com/images/icons/emoji/unicode/2728.png]
[abhesrivas.github.io/blog/index.html]
[abhesrivas.github.io/assets/img/prof_pic.jpg]
[abhesrivas.github.io/projects/index.html]
[platform.twitter.com/widgets.js]
[abhesrivas.github.io/news/announcement_2/index.html]
[abhesrivas.github.io/publications/index.html]
[code.jquery.com/jquery-3.4.1.slim.min.js]
[cdnjs.cloudflare.com/ajax/libs/popper.js/2.4.0/umd/popper.min.js]
[stackpath.bootstrapcdn.com/bootstrap/4.4.1/js/bootstrap.min.js]
[cdnjs.cloudflare.com/ajax/libs/mdbootstrap/4.17.0/js/mdb.min.js]
[abhesrivas.github.io/assets/js/common.js]
[gitcdn.link/cdn/jwarby/jekyll-pygments-themes/fead13aa9a6f3216ecc9c5758319a3d5d1236835/github.css]
[cdnjs.cloudflare.com/ajax/libs/KaTeX/0.11.1/katex.min.css]
[cdnjs.cloudflare.com/ajax/libs/KaTeX/0.11.1/katex.min.js]
[abhesrivas.github.io/assets/js/katex.js]
[cdnjs.cloudflare.com/ajax/libs/masonry/4.2.2/masonry.pkgd.min.js]
[unpkg.com/imagesloaded@4.1.4/imagesloaded.pkgd.min.js]
[www.google-analytics.com/analytics.js]
[abhesrivas.github.io/index.html]
[stackpath.bootstrapcdn.com/bootstrap/4.4.1/css/bootstrap.min.css]
[cdnjs.cloudflare.com/ajax/libs/mdbootstrap/4.17.0/img/overlays/01.png]
[cdnjs.cloudflare.com/ajax/libs/mdbootstrap/4.17.0/img/overlays/02.png]
[cdnjs.cloudflare.com/ajax/libs/mdbootstrap/4.17.0/img/overlays/03.png]
[cdnjs.cloudflare.com/ajax/libs/mdbootstrap/4.17.0/img/overlays/04.png]
[cdnjs.cloudflare.com/ajax/libs/mdbootstrap/4.17.0/img/overlays/05.png]
[cdnjs.cloudflare.com/ajax/libs/mdbootstrap/4.17.0/img/overlays/06.png]
[cdnjs.cloudflare.com/ajax/libs/mdbootstrap/4.17.0/img/overlays/07.png]
[cdnjs.cloudflare.com/ajax/libs/mdbootstrap/4.17.0/img/overlays/08.png]
[cdnjs.cloudflare.com/ajax/libs/mdbootstrap/4.17.0/img/overlays/09.png]
[cdnjs.cloudflare.com/ajax/libs/mdbootstrap/4.17.0/css/mdb.min.css]
[cdnjs.cloudflare.com/ajax/libs/font-awesome/5.13.0/css/all.min.css]
[cdnjs.cloudflare.com/ajax/libs/academicons/1.8.6/css/academicons.min.css]
[abhesrivas.github.io/assets/css/main.css]
[abhesrivas.github.io/blog/index.html]
[abhesrivas.github.io/projects/index.html]
[abhesrivas.github.io/assets/pdf/https_/www.aclweb.org/anthology/2020.calcs-1.5.20.delayed]
[abhesrivas.github.io/assets/pdf/https_/www.aclweb.org/anthology/2020.acl-main.107.pdf]
[abhesrivas.github.io/assets/pdf/https_/hal.archives-ouvertes.fr/hal-02270527/file/poster-EURNLP.pdf]
[abhesrivas.github.io/publications/index.html]
[abhesrivas.github.io/news/announcement_2/index.html]
[gitcdn.link/cdn/jwarby/jekyll-pygments-themes/fead13aa9a6f3216ecc9c5758319a3d5d1236835/github.css]
[cdnjs.cloudflare.com/ajax/libs/KaTeX/0.11.1/fonts/KaTeX_AMS-Regular.woff2]
[cdnjs.cloudflare.com/ajax/libs/KaTeX/0.11.1/fonts/KaTeX_AMS-Regular.woff]
[cdnjs.cloudflare.com/ajax/libs/KaTeX/0.11.1/fonts/KaTeX_AMS-Regular.ttf]
[cdnjs.cloudflare.com/ajax/libs/KaTeX/0.11.1/fonts/KaTeX_Caligraphic-Bold.woff2]
[cdnjs.cloudflare.com/ajax/libs/KaTeX/0.11.1/fonts/KaTeX_Caligraphic-Bold.woff]
[cdnjs.cloudflare.com/ajax/libs/KaTeX/0.11.1/fonts/KaTeX_Caligraphic-Bold.ttf]
[cdnjs.cloudflare.com/ajax/libs/KaTeX/0.11.1/fonts/KaTeX_Caligraphic-Regular.woff2]
[cdnjs.cloudflare.com/ajax/libs/KaTeX/0.11.1/fonts/KaTeX_Caligraphic-Regular.woff]
[cdnjs.cloudflare.com/ajax/libs/KaTeX/0.11.1/fonts/KaTeX_Caligraphic-Regular.ttf]
[cdnjs.cloudflare.com/ajax/libs/KaTeX/0.11.1/fonts/KaTeX_Fraktur-Bold.woff2]
[cdnjs.cloudflare.com/ajax/libs/KaTeX/0.11.1/fonts/KaTeX_Fraktur-Bold.woff]
[cdnjs.cloudflare.com/ajax/libs/KaTeX/0.11.1/fonts/KaTeX_Fraktur-Bold.ttf]
[cdnjs.cloudflare.com/ajax/libs/KaTeX/0.11.1/fonts/KaTeX_Fraktur-Regular.woff2]
[cdnjs.cloudflare.com/ajax/libs/KaTeX/0.11.1/fonts/KaTeX_Fraktur-Regular.woff]
[cdnjs.cloudflare.com/ajax/libs/KaTeX/0.11.1/fonts/KaTeX_Fraktur-Regular.ttf]
[cdnjs.cloudflare.com/ajax/libs/KaTeX/0.11.1/fonts/KaTeX_Main-Bold.woff2]
[cdnjs.cloudflare.com/ajax/libs/KaTeX/0.11.1/fonts/KaTeX_Main-Bold.woff]
[cdnjs.cloudflare.com/ajax/libs/KaTeX/0.11.1/fonts/KaTeX_Main-Bold.ttf]
[cdnjs.cloudflare.com/ajax/libs/KaTeX/0.11.1/fonts/KaTeX_Main-BoldItalic.woff2]
[cdnjs.cloudflare.com/ajax/libs/KaTeX/0.11.1/fonts/KaTeX_Main-BoldItalic.woff]
[cdnjs.cloudflare.com/ajax/libs/KaTeX/0.11.1/fonts/KaTeX_Main-BoldItalic.ttf]
[cdnjs.cloudflare.com/ajax/libs/KaTeX/0.11.1/fonts/KaTeX_Main-Italic.woff2]
[cdnjs.cloudflare.com/ajax/libs/KaTeX/0.11.1/fonts/KaTeX_Main-Italic.woff]
[cdnjs.cloudflare.com/ajax/libs/KaTeX/0.11.1/fonts/KaTeX_Main-Italic.ttf]
[cdnjs.cloudflare.com/ajax/libs/KaTeX/0.11.1/fonts/KaTeX_Main-Regular.woff2]
[cdnjs.cloudflare.com/ajax/libs/KaTeX/0.11.1/fonts/KaTeX_Main-Regular.woff]
[cdnjs.cloudflare.com/ajax/libs/KaTeX/0.11.1/fonts/KaTeX_Main-Regular.ttf]
[cdnjs.cloudflare.com/ajax/libs/KaTeX/0.11.1/fonts/KaTeX_Math-BoldItalic.woff2]
[cdnjs.cloudflare.com/ajax/libs/KaTeX/0.11.1/fonts/KaTeX_Math-BoldItalic.woff]
[cdnjs.cloudflare.com/ajax/libs/KaTeX/0.11.1/fonts/KaTeX_Math-BoldItalic.ttf]
[cdnjs.cloudflare.com/ajax/libs/KaTeX/0.11.1/fonts/KaTeX_Math-Italic.woff2]
[cdnjs.cloudflare.com/ajax/libs/KaTeX/0.11.1/fonts/KaTeX_Math-Italic.woff]
[cdnjs.cloudflare.com/ajax/libs/KaTeX/0.11.1/fonts/KaTeX_Math-Italic.ttf]
[cdnjs.cloudflare.com/ajax/libs/KaTeX/0.11.1/fonts/KaTeX_SansSerif-Bold.woff2]
[cdnjs.cloudflare.com/ajax/libs/KaTeX/0.11.1/fonts/KaTeX_SansSerif-Bold.woff]
[cdnjs.cloudflare.com/ajax/libs/KaTeX/0.11.1/fonts/KaTeX_SansSerif-Bold.ttf]
[cdnjs.cloudflare.com/ajax/libs/KaTeX/0.11.1/fonts/KaTeX_SansSerif-Italic.woff2]
[cdnjs.cloudflare.com/ajax/libs/KaTeX/0.11.1/fonts/KaTeX_SansSerif-Italic.woff]
[cdnjs.cloudflare.com/ajax/libs/KaTeX/0.11.1/fonts/KaTeX_SansSerif-Italic.ttf]
[cdnjs.cloudflare.com/ajax/libs/KaTeX/0.11.1/fonts/KaTeX_SansSerif-Regular.woff2]
[cdnjs.cloudflare.com/ajax/libs/KaTeX/0.11.1/fonts/KaTeX_SansSerif-Regular.woff]
[cdnjs.cloudflare.com/ajax/libs/KaTeX/0.11.1/fonts/KaTeX_SansSerif-Regular.ttf]
[cdnjs.cloudflare.com/ajax/libs/KaTeX/0.11.1/fonts/KaTeX_Script-Regular.woff2]
[cdnjs.cloudflare.com/ajax/libs/KaTeX/0.11.1/fonts/KaTeX_Script-Regular.woff]
[cdnjs.cloudflare.com/ajax/libs/KaTeX/0.11.1/fonts/KaTeX_Script-Regular.ttf]
[cdnjs.cloudflare.com/ajax/libs/KaTeX/0.11.1/fonts/KaTeX_Size1-Regular.woff2]
[cdnjs.cloudflare.com/ajax/libs/KaTeX/0.11.1/fonts/KaTeX_Size1-Regular.woff]
[cdnjs.cloudflare.com/ajax/libs/KaTeX/0.11.1/fonts/KaTeX_Size1-Regular.ttf]
[cdnjs.cloudflare.com/ajax/libs/KaTeX/0.11.1/fonts/KaTeX_Size2-Regular.woff2]
[cdnjs.cloudflare.com/ajax/libs/KaTeX/0.11.1/fonts/KaTeX_Size2-Regular.woff]
[cdnjs.cloudflare.com/ajax/libs/KaTeX/0.11.1/fonts/KaTeX_Size2-Regular.ttf]
[cdnjs.cloudflare.com/ajax/libs/KaTeX/0.11.1/fonts/KaTeX_Size3-Regular.woff2]
[cdnjs.cloudflare.com/ajax/libs/KaTeX/0.11.1/fonts/KaTeX_Size3-Regular.woff]
[cdnjs.cloudflare.com/ajax/libs/KaTeX/0.11.1/fonts/KaTeX_Size3-Regular.ttf]
[cdnjs.cloudflare.com/ajax/libs/KaTeX/0.11.1/fonts/KaTeX_Size4-Regular.woff2]
[cdnjs.cloudflare.com/ajax/libs/KaTeX/0.11.1/fonts/KaTeX_Size4-Regular.woff]
[cdnjs.cloudflare.com/ajax/libs/KaTeX/0.11.1/fonts/KaTeX_Size4-Regular.ttf]
[cdnjs.cloudflare.com/ajax/libs/KaTeX/0.11.1/fonts/KaTeX_Typewriter-Regular.woff2]
[cdnjs.cloudflare.com/ajax/libs/KaTeX/0.11.1/fonts/KaTeX_Typewriter-Regular.woff]
[cdnjs.cloudflare.com/ajax/libs/KaTeX/0.11.1/katex.min.css]
[abhesrivas.github.io/assets/pdf/https_/www.aclweb.org/anthology/2020.calcs-1.5.html]
[abhesrivas.github.io/assets/pdf/https_/www.aclweb.org/anthology/2020.acl-main.107.html]
[abhesrivas.github.io/assets/pdf/https_/hal.archives-ouvertes.fr/hal-02270527/file/poster-EURNLP.html]
[cdnjs.cloudflare.com/ajax/libs/KaTeX/0.11.1/fonts/KaTeX_Typewriter-Regular.ttf]
